train split: 5865 examples from 11/11 contributing samples
val split: 484 examples from 3/3 contributing samples
initialised weights from mitigator/weights/phase1/best.pt (fresh optimizer, starting at epoch 0)
  step 100/367 loss=0.3606 fidelity=0.1104 temporal=0.0243 risk=0.0077 soft_area=0.0589 (1.65 it/s, train eta 2.7 min)
  step 200/367 loss=0.3228 fidelity=0.1017 temporal=0.0215 risk=0.0058 soft_area=0.0518 (2.21 it/s, train eta 1.3 min)
  step 300/367 loss=0.3222 fidelity=0.1035 temporal=0.0212 risk=0.0069 soft_area=0.0522 (2.49 it/s, train eta 0.4 min)
  step 367/367 loss=0.3424 fidelity=0.1080 temporal=0.0228 risk=0.0068 soft_area=0.0581 (2.65 it/s, train eta 0.0 min)
epoch 0: train_loss=0.3365 val_loss=0.2853 (fidelity=0.0647 temporal=0.0210 risk=0.0106 soft_area=0.0599 trusted_fraction=0.9442) (170.6s)
  step 100/367 loss=0.3296 fidelity=0.1035 temporal=0.0218 risk=0.0077 soft_area=0.0536 (3.00 it/s, train eta 1.5 min)
  step 200/367 loss=0.3245 fidelity=0.1042 temporal=0.0214 risk=0.0066 soft_area=0.0506 (3.13 it/s, train eta 0.9 min)
  step 300/367 loss=0.3157 fidelity=0.1034 temporal=0.0208 risk=0.0045 soft_area=0.0505 (3.16 it/s, train eta 0.4 min)
  step 367/367 loss=0.3231 fidelity=0.1003 temporal=0.0218 risk=0.0053 soft_area=0.0528 (3.24 it/s, train eta 0.0 min)
epoch 1: train_loss=0.3232 val_loss=0.2776 (fidelity=0.0608 temporal=0.0206 risk=0.0104 soft_area=0.0580 trusted_fraction=0.9442) (126.4s)
  step 100/367 loss=0.3331 fidelity=0.0977 temporal=0.0229 risk=0.0064 soft_area=0.0544 (2.97 it/s, train eta 1.5 min)
  step 200/367 loss=0.3168 fidelity=0.1038 temporal=0.0207 risk=0.0064 soft_area=0.0507 (3.12 it/s, train eta 0.9 min)
  step 300/367 loss=0.3184 fidelity=0.1052 temporal=0.0208 risk=0.0054 soft_area=0.0502 (3.18 it/s, train eta 0.4 min)
  step 367/367 loss=0.3198 fidelity=0.0940 temporal=0.0219 risk=0.0064 soft_area=0.0532 (3.25 it/s, train eta 0.0 min)
epoch 2: train_loss=0.3222 val_loss=0.2705 (fidelity=0.0638 temporal=0.0199 risk=0.0077 soft_area=0.0546 trusted_fraction=0.9442) (126.6s)
  step 100/367 loss=0.3184 fidelity=0.0993 temporal=0.0213 risk=0.0060 soft_area=0.0512 (2.99 it/s, train eta 1.5 min)
  step 200/367 loss=0.3375 fidelity=0.1029 temporal=0.0227 risk=0.0078 soft_area=0.0565 (3.13 it/s, train eta 0.9 min)
  step 300/367 loss=0.3190 fidelity=0.1012 temporal=0.0213 risk=0.0046 soft_area=0.0524 (3.19 it/s, train eta 0.4 min)
  step 367/367 loss=0.3092 fidelity=0.0957 temporal=0.0208 risk=0.0052 soft_area=0.0510 (3.24 it/s, train eta 0.0 min)
epoch 3: train_loss=0.3221 val_loss=0.2724 (fidelity=0.0631 temporal=0.0200 risk=0.0093 soft_area=0.0570 trusted_fraction=0.9442) (127.2s)
  step 100/367 loss=0.3359 fidelity=0.1081 temporal=0.0221 risk=0.0068 soft_area=0.0558 (2.96 it/s, train eta 1.5 min)
  step 200/367 loss=0.3345 fidelity=0.1017 temporal=0.0225 risk=0.0081 soft_area=0.0544 (3.10 it/s, train eta 0.9 min)
  step 300/367 loss=0.3074 fidelity=0.0878 temporal=0.0214 risk=0.0054 soft_area=0.0514 (3.17 it/s, train eta 0.4 min)
  step 367/367 loss=0.2968 fidelity=0.0907 temporal=0.0201 risk=0.0047 soft_area=0.0499 (3.25 it/s, train eta 0.0 min)
epoch 4: train_loss=0.3206 val_loss=0.2914 (fidelity=0.0545 temporal=0.0224 risk=0.0125 soft_area=0.0639 trusted_fraction=0.9442) (126.8s)
  step 100/367 loss=0.3116 fidelity=0.0949 temporal=0.0211 risk=0.0061 soft_area=0.0527 (3.01 it/s, train eta 1.5 min)
  step 200/367 loss=0.3216 fidelity=0.0940 temporal=0.0221 risk=0.0064 soft_area=0.0530 (3.15 it/s, train eta 0.9 min)
  step 300/367 loss=0.3162 fidelity=0.0997 temporal=0.0211 risk=0.0056 soft_area=0.0533 (3.19 it/s, train eta 0.4 min)
  step 367/367 loss=0.3133 fidelity=0.0972 temporal=0.0209 risk=0.0071 soft_area=0.0514 (3.25 it/s, train eta 0.0 min)
epoch 5: train_loss=0.3159 val_loss=0.2633 (fidelity=0.0677 temporal=0.0190 risk=0.0056 soft_area=0.0491 trusted_fraction=0.9442) (126.3s)
  step 100/367 loss=0.2990 fidelity=0.0955 temporal=0.0199 risk=0.0040 soft_area=0.0485 (3.01 it/s, train eta 1.5 min)
  step 200/367 loss=0.3328 fidelity=0.0962 temporal=0.0229 risk=0.0076 soft_area=0.0540 (3.15 it/s, train eta 0.9 min)
  step 300/367 loss=0.3094 fidelity=0.0891 temporal=0.0215 risk=0.0057 soft_area=0.0538 (3.20 it/s, train eta 0.3 min)
  step 367/367 loss=0.3110 fidelity=0.0941 temporal=0.0210 risk=0.0073 soft_area=0.0530 (3.25 it/s, train eta 0.0 min)
epoch 6: train_loss=0.3132 val_loss=0.2677 (fidelity=0.0790 temporal=0.0184 risk=0.0049 soft_area=0.0456 trusted_fraction=0.9442) (127.2s)
  step 100/367 loss=0.3045 fidelity=0.0930 temporal=0.0206 risk=0.0050 soft_area=0.0499 (3.03 it/s, train eta 1.5 min)
  step 200/367 loss=0.3174 fidelity=0.0931 temporal=0.0217 risk=0.0073 soft_area=0.0539 (3.14 it/s, train eta 0.9 min)
  step 300/367 loss=0.3368 fidelity=0.0980 temporal=0.0232 risk=0.0069 soft_area=0.0549 (3.17 it/s, train eta 0.4 min)
  step 367/367 loss=0.3004 fidelity=0.0966 temporal=0.0200 risk=0.0042 soft_area=0.0500 (3.22 it/s, train eta 0.0 min)
epoch 7: train_loss=0.3160 val_loss=0.2722 (fidelity=0.0585 temporal=0.0205 risk=0.0086 soft_area=0.0583 trusted_fraction=0.9442) (128.6s)
  step 100/367 loss=0.3037 fidelity=0.0945 temporal=0.0204 risk=0.0055 soft_area=0.0497 (2.95 it/s, train eta 1.5 min)
  step 200/367 loss=0.3200 fidelity=0.0941 temporal=0.0220 risk=0.0059 soft_area=0.0548 (3.10 it/s, train eta 0.9 min)
  step 300/367 loss=0.3127 fidelity=0.0948 temporal=0.0212 risk=0.0057 soft_area=0.0506 (3.15 it/s, train eta 0.4 min)
  step 367/367 loss=0.3047 fidelity=0.0933 temporal=0.0207 risk=0.0045 soft_area=0.0500 (3.22 it/s, train eta 0.0 min)
epoch 8: train_loss=0.3107 val_loss=0.2871 (fidelity=0.0559 temporal=0.0218 risk=0.0131 soft_area=0.0643 trusted_fraction=0.9442) (127.8s)
  step 100/367 loss=0.2984 fidelity=0.0898 temporal=0.0204 risk=0.0047 soft_area=0.0504 (2.92 it/s, train eta 1.5 min)
  step 200/367 loss=0.2964 fidelity=0.0926 temporal=0.0198 risk=0.0056 soft_area=0.0485 (3.05 it/s, train eta 0.9 min)
  step 300/367 loss=0.3198 fidelity=0.0944 temporal=0.0218 risk=0.0077 soft_area=0.0563 (3.11 it/s, train eta 0.4 min)
  step 367/367 loss=0.3054 fidelity=0.0887 temporal=0.0213 risk=0.0039 soft_area=0.0527 (3.18 it/s, train eta 0.0 min)
epoch 9: train_loss=0.3050 val_loss=0.2839 (fidelity=0.0611 temporal=0.0212 risk=0.0107 soft_area=0.0585 trusted_fraction=0.9442) (129.8s)
  step 100/367 loss=0.3122 fidelity=0.0971 temporal=0.0210 risk=0.0046 soft_area=0.0497 (2.97 it/s, train eta 1.5 min)
  step 200/367 loss=0.3152 fidelity=0.0984 temporal=0.0211 risk=0.0055 soft_area=0.0513 (3.11 it/s, train eta 0.9 min)
  step 300/367 loss=0.3119 fidelity=0.0905 temporal=0.0215 risk=0.0065 soft_area=0.0521 (3.15 it/s, train eta 0.4 min)
  step 367/367 loss=0.2909 fidelity=0.0832 temporal=0.0202 risk=0.0057 soft_area=0.0521 (3.23 it/s, train eta 0.0 min)
epoch 10: train_loss=0.3091 val_loss=0.2679 (fidelity=0.0736 temporal=0.0189 risk=0.0054 soft_area=0.0471 trusted_fraction=0.9442) (126.5s)
  step 100/367 loss=0.3100 fidelity=0.0885 temporal=0.0215 risk=0.0066 soft_area=0.0540 (3.07 it/s, train eta 1.5 min)
  step 200/367 loss=0.2992 fidelity=0.0906 temporal=0.0203 risk=0.0053 soft_area=0.0503 (3.32 it/s, train eta 0.8 min)
  step 300/367 loss=0.3110 fidelity=0.0893 temporal=0.0216 risk=0.0060 soft_area=0.0514 (3.45 it/s, train eta 0.3 min)
  step 367/367 loss=0.3087 fidelity=0.1032 temporal=0.0199 risk=0.0065 soft_area=0.0513 (3.54 it/s, train eta 0.0 min)
epoch 11: train_loss=0.3071 val_loss=0.2992 (fidelity=0.0619 temporal=0.0225 risk=0.0121 soft_area=0.0615 trusted_fraction=0.9442) (114.8s)
  step 100/367 loss=0.3070 fidelity=0.0911 temporal=0.0210 risk=0.0057 soft_area=0.0506 (3.22 it/s, train eta 1.4 min)
  step 200/367 loss=0.2938 fidelity=0.0896 temporal=0.0199 risk=0.0055 soft_area=0.0502 (3.47 it/s, train eta 0.8 min)
  step 300/367 loss=0.3096 fidelity=0.0927 temporal=0.0212 risk=0.0051 soft_area=0.0525 (3.55 it/s, train eta 0.3 min)
  step 367/367 loss=0.2988 fidelity=0.0904 temporal=0.0202 risk=0.0064 soft_area=0.0510 (3.63 it/s, train eta 0.0 min)
epoch 12: train_loss=0.3026 val_loss=0.3491 (fidelity=0.0475 temporal=0.0281 risk=0.0203 soft_area=0.0827 trusted_fraction=0.9442) (112.0s)
  step 100/367 loss=0.3310 fidelity=0.0902 temporal=0.0232 risk=0.0084 soft_area=0.0565 (3.23 it/s, train eta 1.4 min)
  step 200/367 loss=0.3105 fidelity=0.0981 temporal=0.0207 risk=0.0049 soft_area=0.0504 (3.47 it/s, train eta 0.8 min)
  step 300/367 loss=0.2894 fidelity=0.0873 temporal=0.0198 risk=0.0042 soft_area=0.0490 (3.56 it/s, train eta 0.3 min)
  step 367/367 loss=0.2941 fidelity=0.0872 temporal=0.0201 risk=0.0056 soft_area=0.0491 (3.64 it/s, train eta 0.0 min)
epoch 13: train_loss=0.3074 val_loss=0.3064 (fidelity=0.0607 temporal=0.0231 risk=0.0145 soft_area=0.0669 trusted_fraction=0.9442) (111.8s)
  step 100/367 loss=0.2934 fidelity=0.0894 temporal=0.0199 risk=0.0054 soft_area=0.0496 (3.22 it/s, train eta 1.4 min)
  step 200/367 loss=0.3035 fidelity=0.0910 temporal=0.0207 risk=0.0056 soft_area=0.0501 (3.47 it/s, train eta 0.8 min)
  step 300/367 loss=0.3218 fidelity=0.0996 temporal=0.0216 risk=0.0065 soft_area=0.0524 (3.56 it/s, train eta 0.3 min)
  step 367/367 loss=0.3249 fidelity=0.0942 temporal=0.0223 risk=0.0075 soft_area=0.0564 (3.63 it/s, train eta 0.0 min)
epoch 14: train_loss=0.3096 val_loss=0.2663 (fidelity=0.0659 temporal=0.0194 risk=0.0061 soft_area=0.0507 trusted_fraction=0.9442) (112.0s)
  step 100/367 loss=0.3000 fidelity=0.0854 temporal=0.0209 risk=0.0054 soft_area=0.0521 (3.22 it/s, train eta 1.4 min)
  step 200/367 loss=0.3196 fidelity=0.0915 temporal=0.0220 risk=0.0077 soft_area=0.0552 (3.46 it/s, train eta 0.8 min)
  step 300/367 loss=0.3030 fidelity=0.0889 temporal=0.0209 risk=0.0049 soft_area=0.0499 (3.55 it/s, train eta 0.3 min)
  step 367/367 loss=0.2849 fidelity=0.0876 temporal=0.0194 risk=0.0032 soft_area=0.0471 (3.63 it/s, train eta 0.0 min)
epoch 15: train_loss=0.3034 val_loss=0.2803 (fidelity=0.0618 temporal=0.0208 risk=0.0103 soft_area=0.0587 trusted_fraction=0.9442) (112.1s)
  step 100/367 loss=0.3127 fidelity=0.0860 temporal=0.0219 risk=0.0074 soft_area=0.0537 (3.24 it/s, train eta 1.4 min)
  step 200/367 loss=0.3072 fidelity=0.0908 temporal=0.0211 risk=0.0055 soft_area=0.0507 (3.47 it/s, train eta 0.8 min)
  step 300/367 loss=0.2814 fidelity=0.0820 temporal=0.0196 risk=0.0032 soft_area=0.0480 (3.56 it/s, train eta 0.3 min)
  step 367/367 loss=0.2830 fidelity=0.0884 temporal=0.0191 risk=0.0038 soft_area=0.0491 (3.64 it/s, train eta 0.0 min)
epoch 16: train_loss=0.2972 val_loss=0.2538 (fidelity=0.0695 temporal=0.0180 risk=0.0048 soft_area=0.0452 trusted_fraction=0.9442) (111.6s)
  step 100/367 loss=0.2992 fidelity=0.0833 temporal=0.0210 risk=0.0061 soft_area=0.0524 (3.22 it/s, train eta 1.4 min)
  step 200/367 loss=0.2879 fidelity=0.0854 temporal=0.0198 risk=0.0041 soft_area=0.0480 (3.46 it/s, train eta 0.8 min)
  step 300/367 loss=0.3011 fidelity=0.0879 temporal=0.0207 risk=0.0066 soft_area=0.0504 (3.55 it/s, train eta 0.3 min)
  step 367/367 loss=0.3013 fidelity=0.0890 temporal=0.0206 risk=0.0059 soft_area=0.0516 (3.63 it/s, train eta 0.0 min)
epoch 17: train_loss=0.2970 val_loss=0.2634 (fidelity=0.0653 temporal=0.0192 risk=0.0061 soft_area=0.0491 trusted_fraction=0.9442) (112.1s)
  step 100/367 loss=0.3240 fidelity=0.0936 temporal=0.0224 risk=0.0062 soft_area=0.0536 (3.24 it/s, train eta 1.4 min)
  step 200/367 loss=0.2980 fidelity=0.0891 temporal=0.0204 risk=0.0054 soft_area=0.0515 (3.48 it/s, train eta 0.8 min)
  step 300/367 loss=0.3137 fidelity=0.0936 temporal=0.0214 risk=0.0061 soft_area=0.0514 (3.56 it/s, train eta 0.3 min)
  step 367/367 loss=0.2933 fidelity=0.0862 temporal=0.0202 risk=0.0049 soft_area=0.0499 (3.64 it/s, train eta 0.0 min)
epoch 18: train_loss=0.3085 val_loss=0.2968 (fidelity=0.0609 temporal=0.0222 risk=0.0140 soft_area=0.0638 trusted_fraction=0.9442) (113.3s)
  step 100/367 loss=0.3044 fidelity=0.0950 temporal=0.0203 risk=0.0060 soft_area=0.0524 (3.16 it/s, train eta 1.4 min)
  step 200/367 loss=0.3057 fidelity=0.0877 temporal=0.0212 risk=0.0061 soft_area=0.0524 (3.43 it/s, train eta 0.8 min)
  step 300/367 loss=0.3037 fidelity=0.0873 temporal=0.0211 risk=0.0050 soft_area=0.0503 (3.53 it/s, train eta 0.3 min)
  step 367/367 loss=0.2974 fidelity=0.0820 temporal=0.0210 risk=0.0056 soft_area=0.0492 (3.60 it/s, train eta 0.0 min)
epoch 19: train_loss=0.3033 val_loss=0.2725 (fidelity=0.0611 temporal=0.0202 risk=0.0092 soft_area=0.0565 trusted_fraction=0.9442) (112.8s)
  step 100/367 loss=0.3043 fidelity=0.0908 temporal=0.0207 risk=0.0068 soft_area=0.0512 (3.21 it/s, train eta 1.4 min)
  step 200/367 loss=0.2963 fidelity=0.0850 temporal=0.0207 risk=0.0044 soft_area=0.0513 (3.46 it/s, train eta 0.8 min)
  step 300/367 loss=0.3000 fidelity=0.0871 temporal=0.0207 risk=0.0058 soft_area=0.0512 (3.55 it/s, train eta 0.3 min)
  step 367/367 loss=0.2935 fidelity=0.0840 temporal=0.0206 risk=0.0037 soft_area=0.0501 (3.62 it/s, train eta 0.0 min)
epoch 20: train_loss=0.2990 val_loss=0.2858 (fidelity=0.0595 temporal=0.0215 risk=0.0113 soft_area=0.0588 trusted_fraction=0.9442) (112.3s)
  step 100/367 loss=0.2841 fidelity=0.0845 temporal=0.0195 risk=0.0047 soft_area=0.0481 (3.23 it/s, train eta 1.4 min)
  step 200/367 loss=0.3148 fidelity=0.0869 temporal=0.0221 risk=0.0069 soft_area=0.0545 (3.47 it/s, train eta 0.8 min)
  step 300/367 loss=0.3001 fidelity=0.0865 temporal=0.0208 risk=0.0051 soft_area=0.0512 (3.56 it/s, train eta 0.3 min)
  step 367/367 loss=0.2917 fidelity=0.0838 temporal=0.0202 risk=0.0059 soft_area=0.0508 (3.63 it/s, train eta 0.0 min)
epoch 21: train_loss=0.2982 val_loss=0.2562 (fidelity=0.0740 temporal=0.0178 risk=0.0046 soft_area=0.0455 trusted_fraction=0.9442) (112.1s)
  step 100/367 loss=0.2928 fidelity=0.0858 temporal=0.0202 risk=0.0053 soft_area=0.0505 (3.17 it/s, train eta 1.4 min)
  step 200/367 loss=0.3080 fidelity=0.0840 temporal=0.0217 risk=0.0069 soft_area=0.0541 (3.44 it/s, train eta 0.8 min)
  step 300/367 loss=0.2969 fidelity=0.0885 temporal=0.0203 risk=0.0050 soft_area=0.0498 (3.53 it/s, train eta 0.3 min)
  step 367/367 loss=0.2847 fidelity=0.0925 temporal=0.0187 risk=0.0049 soft_area=0.0454 (3.61 it/s, train eta 0.0 min)
epoch 22: train_loss=0.2966 val_loss=0.2573 (fidelity=0.0701 temporal=0.0182 risk=0.0050 soft_area=0.0466 trusted_fraction=0.9442) (112.6s)
  step 100/367 loss=0.3064 fidelity=0.0923 temporal=0.0209 risk=0.0051 soft_area=0.0517 (3.23 it/s, train eta 1.4 min)
  step 200/367 loss=0.3117 fidelity=0.0901 temporal=0.0215 risk=0.0064 soft_area=0.0512 (3.48 it/s, train eta 0.8 min)
  step 300/367 loss=0.3141 fidelity=0.0975 temporal=0.0211 risk=0.0057 soft_area=0.0525 (3.56 it/s, train eta 0.3 min)
  step 367/367 loss=0.3061 fidelity=0.0895 temporal=0.0211 risk=0.0052 soft_area=0.0486 (3.63 it/s, train eta 0.0 min)
epoch 23: train_loss=0.3099 val_loss=0.2676 (fidelity=0.0666 temporal=0.0195 risk=0.0060 soft_area=0.0490 trusted_fraction=0.9442) (112.0s)
  step 100/367 loss=0.3124 fidelity=0.0929 temporal=0.0213 risk=0.0061 soft_area=0.0512 (3.22 it/s, train eta 1.4 min)
  step 200/367 loss=0.2942 fidelity=0.0874 temporal=0.0202 risk=0.0046 soft_area=0.0495 (3.47 it/s, train eta 0.8 min)
  step 300/367 loss=0.3040 fidelity=0.0870 temporal=0.0210 risk=0.0068 soft_area=0.0513 (3.56 it/s, train eta 0.3 min)
  step 367/367 loss=0.2912 fidelity=0.0868 temporal=0.0199 risk=0.0057 soft_area=0.0486 (3.64 it/s, train eta 0.0 min)
epoch 24: train_loss=0.3013 val_loss=0.2625 (fidelity=0.0652 temporal=0.0191 risk=0.0061 soft_area=0.0490 trusted_fraction=0.9442) (111.8s)
  step 100/367 loss=0.2905 fidelity=0.0848 temporal=0.0201 risk=0.0047 soft_area=0.0486 (3.24 it/s, train eta 1.4 min)
  step 200/367 loss=0.2799 fidelity=0.0836 temporal=0.0192 risk=0.0045 soft_area=0.0480 (3.48 it/s, train eta 0.8 min)
  step 300/367 loss=0.3119 fidelity=0.0888 temporal=0.0217 risk=0.0064 soft_area=0.0550 (3.56 it/s, train eta 0.3 min)
  step 367/367 loss=0.3136 fidelity=0.0861 temporal=0.0221 risk=0.0069 soft_area=0.0530 (3.63 it/s, train eta 0.0 min)
epoch 25: train_loss=0.2977 val_loss=0.2626 (fidelity=0.0692 temporal=0.0188 risk=0.0059 soft_area=0.0484 trusted_fraction=0.9442) (112.0s)
  step 100/367 loss=0.2841 fidelity=0.0837 temporal=0.0197 risk=0.0035 soft_area=0.0491 (3.22 it/s, train eta 1.4 min)
  step 200/367 loss=0.3001 fidelity=0.0952 temporal=0.0200 risk=0.0053 soft_area=0.0507 (3.47 it/s, train eta 0.8 min)
  step 300/367 loss=0.3069 fidelity=0.0966 temporal=0.0205 risk=0.0049 soft_area=0.0499 (3.56 it/s, train eta 0.3 min)
  step 367/367 loss=0.3328 fidelity=0.0936 temporal=0.0230 risk=0.0094 soft_area=0.0555 (3.63 it/s, train eta 0.0 min)
epoch 26: train_loss=0.3036 val_loss=0.2843 (fidelity=0.0610 temporal=0.0212 risk=0.0117 soft_area=0.0617 trusted_fraction=0.9442) (112.0s)
  step 100/367 loss=0.2934 fidelity=0.0885 temporal=0.0201 risk=0.0043 soft_area=0.0496 (3.19 it/s, train eta 1.4 min)
  step 200/367 loss=0.2856 fidelity=0.0839 temporal=0.0197 risk=0.0045 soft_area=0.0481 (3.45 it/s, train eta 0.8 min)
  step 300/367 loss=0.3040 fidelity=0.0836 temporal=0.0213 risk=0.0073 soft_area=0.0544 (3.54 it/s, train eta 0.3 min)
  step 367/367 loss=0.3140 fidelity=0.0899 temporal=0.0219 risk=0.0054 soft_area=0.0533 (3.62 it/s, train eta 0.0 min)
epoch 27: train_loss=0.2980 val_loss=0.2907 (fidelity=0.0556 temporal=0.0221 risk=0.0143 soft_area=0.0633 trusted_fraction=0.9442) (112.4s)
  step 100/367 loss=0.2902 fidelity=0.0879 temporal=0.0197 risk=0.0052 soft_area=0.0506 (3.21 it/s, train eta 1.4 min)
  step 200/367 loss=0.2960 fidelity=0.0835 temporal=0.0208 risk=0.0046 soft_area=0.0502 (3.46 it/s, train eta 0.8 min)
  step 300/367 loss=0.3145 fidelity=0.0828 temporal=0.0224 risk=0.0082 soft_area=0.0560 (3.55 it/s, train eta 0.3 min)
  step 367/367 loss=0.3060 fidelity=0.0909 temporal=0.0209 risk=0.0057 soft_area=0.0516 (3.63 it/s, train eta 0.0 min)
epoch 28: train_loss=0.3013 val_loss=0.2606 (fidelity=0.0670 temporal=0.0187 risk=0.0064 soft_area=0.0491 trusted_fraction=0.9442) (112.0s)
  step 100/367 loss=0.2951 fidelity=0.0881 temporal=0.0202 risk=0.0050 soft_area=0.0502 (3.21 it/s, train eta 1.4 min)
  step 200/367 loss=0.2897 fidelity=0.0824 temporal=0.0203 risk=0.0046 soft_area=0.0486 (3.46 it/s, train eta 0.8 min)
  step 300/367 loss=0.2976 fidelity=0.0862 temporal=0.0204 risk=0.0074 soft_area=0.0516 (3.55 it/s, train eta 0.3 min)
  step 367/367 loss=0.3101 fidelity=0.0885 temporal=0.0215 risk=0.0066 soft_area=0.0521 (3.63 it/s, train eta 0.0 min)
epoch 29: train_loss=0.2971 val_loss=0.2581 (fidelity=0.0701 temporal=0.0183 risk=0.0051 soft_area=0.0459 trusted_fraction=0.9442) (112.0s)
